[33m[33m[0m[0m                                                _          
                                               (_)         
                    __   ____ _ _ __ ___  _ __  _ _ __ ___ 
                    \ \ / / _` | '_ ` _ \| '_ \| | '__/ _ \
                     \ V / (_| | | | | | | |_) | | | |  __/
                      \_/ \__,_|_| |_| |_| .__/|_|_|  \___|
                                         | |               
                                         |_|               

                      Version 7.0.0 Oct 31 2025 16:21:35

             Git commit: 14a980fc1d024d67f0bfca4f343b0848d1f78e1e

  Licensed under the GNU Public License(v2). See licence file for details.

  Developers:   Richard F L Evans, Sarah Jenkins, Andrea Meo, 
                Daniel Meilak, Andrew Naden, Matthew Ellis,
                Oscar Arbelaez, Sam Morris, Rory Pond, Weijia Fan,
                Phanwadee Chureemart, Pawel Sobieszczyk, Joe Barker, 
                Thomas Ostler, Andreas Biternas, Roy W Chantrell,
                Wu Hong-Ye, Razvan Ababei, Sam Westmoreland,
                Milton Persson
 
                Compiled with:  LLVM C++ Compiler
                Compiler Flags: 

  Vampire includes a copy of the qhull library from C.B. Barber and The 
  Geometry Center and may be obtained via http from www.qhull.org.

================================================================================
Fri Oct 31 16:23:42 2025
================================================================================
Initialising system variables
Creating system
Generating neighbour list..........[32m[32mdone!
[0m[0mCopying system data to optimised data structures.
Using generic/normalised form of exchange interaction with 336 total interactions.
Number of atoms generated: 1000
Input parameters for Spin-lattice dynamics simulations:
*******************************************************
Potential Cutoff: 7.8
Fields Cutoff: 3.75
Mass: 0.0057915
Lattice damping: 0.6
Coupling C0 0.5
Harmonic potential is used of potential well depth V0=2.40326e-20
Pseudodipolar coupling is used of strength C0=0.5
*******************************************************
Starting Simulation with Program Time-Series...
[2025-10-31T18:23:55.030] error: *** JOB 8365351 ON node604 CANCELLED AT 2025-10-31T18:23:55 DUE TO TIME LIMIT ***
