[33m[33m[0m[0m                                                _          
                                               (_)         
                    __   ____ _ _ __ ___  _ __  _ _ __ ___ 
                    \ \ / / _` | '_ ` _ \| '_ \| | '__/ _ \
                     \ V / (_| | | | | | | |_) | | | |  __/
                      \_/ \__,_|_| |_| |_| .__/|_|_|  \___|
                                         | |               
                                         |_|               

                      Version 6.0.0 Nov  4 2025 13:21:41

             Git commit: a9dae37cb570bd324c88e2d3e52937710807b54f

  Licensed under the GNU Public License(v2). See licence file for details.

  Lead Developer: Richard F L Evans <richard.evans@york.ac.uk>

  Contributors: Sarah Jenkins, Andrea Meo, Andrew Naden, Matthew Ellis,
                Oscar Arbelaez, Sam Morris, Rory Pond, Weijia Fan,
                Phanwadee Chureemart, Pawel Sobieszczyk, Joe Barker, 
                Thomas Ostler, Andreas Biternas, Roy W Chantrell,
                Wu Hong-Ye, Razvan Ababei, Sam Westmoreland,
                Daniel Meilak
 
                Compiled with:  LLVM C++ Compiler
                Compiler Flags: 

  Vampire includes a copy of the qhull library from C.B. Barber and The 
  Geometry Center and may be obtained via http from www.qhull.org.

================================================================================
Tue Nov  4 13:22:12 2025
================================================================================
Initialising system variables
Creating system
Generating neighbour list..........[32m[32mdone!
[0m[0mCopying system data to optimised data structures.
Using generic/normalised form of exchange interaction with 336 total interactions.
Number of atoms generated: 4046
Input parameters for Spin-lattice dynamics simulations:
*******************************************************
Potential Cutoff: 7.8
Fields Cutoff: 3.75
Mass: 0.0057915
Lattice damping: 0.06
Coupling C0 0.5
Harmonic potential is used of potential well depth V0=2.40326e-20
Pseudodipolar coupling is used of strength C0=0.5
*******************************************************
Starting Simulation with Program Time-Series...
Simulation run time [s]: 6789.98
[32m[32mSimulation ended gracefully.
[0m[0m